root@superesa-System-Product-Name:/opt/lampp/htdocs/nodejs# npm init --yes
root@superesa-System-Product-Name:/opt/lampp/htdocs/nodejs# code .
create index.js
// pour afficher les donnes de index.js 
root@superesa-System-Product-Name:/opt/lampp/htdocs/nodejs# node index
salam mes amies

console.log('before');
setTimeout(() => {
  console.log('get user from database.....');
}, 2000);
console.log('after');


//le Node js et un mode asynchrone 

//*************
console.log('before');
const user = getUsers(2);
console.log(user);
console.log('after');

function getUsers(id){

    setTimeout(() => {
        console.log('get user from database.....');
        return {
            id: id,
            gitHubusername: "rochdi Abdelatif"
        }
    }, 2000);
}
//Output
root@superesa-System-Product-Name:/opt/lampp/htdocs/nodejs# node index
before
undefined
after
get user from database.....

//**************
on dois mtn resoudre ce problem
il y a 3 solution:
1- avec callback

create callback.js

console.log('before');
getUsers(2, (user) => {
    console.log(user);
});

console.log('after');

function getUsers(id, callback){

    setTimeout(() => {
        console.log('get user from database.....');
        callback({
            id: id,
            gitHubusername: "rochdi Abdelatif"
        })
    }, 2000);
}
//Output
root@superesa-System-Product-Name:/opt/lampp/htdocs/nodejs# node callback
before
after
get user from database.....
{ id: 2, gitHubusername: 'rochdi Abdelatif' }

