root@superesa-System-Product-Name:/opt/lampp/htdocs/nodejs# mkdir express-demo
root@superesa-System-Product-Name:/opt/lampp/htdocs/nodejs# cd express-demo/
root@superesa-System-Product-Name:/opt/lampp/htdocs/nodejs/express-demo# chmod -R 777 .
root@superesa-System-Product-Name:/opt/lampp/htdocs/nodejs/express-demo# 
root@superesa-System-Product-Name:/opt/lampp/htdocs/nodejs/express-demo# npm init --yes
Wrote to /opt/lampp/htdocs/nodejs/express-demo/package.json:

{
  "name": "express-demo",
  "version": "1.0.0",
  "description": "",
  "main": "index.js",
  "scripts": {
    "test": "echo \"Error: no test specified\" && exit 1"
  },
  "keywords": [],
  "author": "",
  "license": "ISC"
}

//*******
//install express js
root@superesa-System-Product-Name:/opt/lampp/htdocs/nodejs/express-demo# npm i express --save
npm notice created a lockfile as package-lock.json. You should commit this file.
npm WARN express-demo@1.0.0 No description
npm WARN express-demo@1.0.0 No repository field.

+ express@4.16.3
added 50 packages from 47 contributors and audited 119 packages in 2.16s
found 0 vulnerabilities
//*******
// create index.js

// load express.js
const express = require('express');
// associe un variable a express librarie 
const app = express();


// cree un serveur
// si un port configure en en .env le serveur prend le env Port si non prend 3000
const PORT = process.env.PORT  || 3000;
app.listen(PORT, () => { console.log(`app runing on ${ PORT } port`); });

//******************
root@superesa-System-Product-Name:/opt/lampp/htdocs/nodejs/express-demo# npm i -g nodemon
/usr/local/bin/nodemon -> /usr/local/lib/node_modules/nodemon/bin/nodemon.js

> nodemon@1.18.4 postinstall /usr/local/lib/node_modules/nodemon
> node bin/postinstall || exit 0

Love nodemon? You can now support the project via the open collective:
 > https://opencollective.com/nodemon/donate

npm WARN optional SKIPPING OPTIONAL DEPENDENCY: fsevents@1.2.4 (node_modules/nodemon/node_modules/fsevents):
npm WARN notsup SKIPPING OPTIONAL DEPENDENCY: Unsupported platform for fsevents@1.2.4: wanted {"os":"darwin","arch":"any"} (current: {"os":"linux","arch":"x64"})

+ nodemon@1.18.4
added 233 packages from 136 contributors in 9.164s
//**********
cree un variable d environement
#win
set PORT=4000
#Linux or Mac
export PORT=4000
root@superesa-System-Product-Name:/opt/lampp/htdocs/nodejs/express-demo# export PORT=4000
root@superesa-System-Product-Name:/opt/lampp/htdocs/nodejs/express-demo# nodemon index
[nodemon] 1.18.4
[nodemon] to restart at any time, enter `rs`
[nodemon] watching: *.*
[nodemon] starting `node index index.js`
app runing on 4000 port
//*****************
// cree un API Restfull 

// load express.js
const express = require('express');
// associe un variable a express librarie 
const app = express();

//definir le variable courses 
courses = ['Laravel', 'Angular', 'NodeJs', 'VueJs'];

// cree API 
app.get('/api/courses', (req, res) => {
    // envoyer la reponse ce genre un tableau []
    res.send(courses)
});

// cree un serveur
// si un port configure en en .env le serveur prend le env Port si non prend 3000
const PORT = process.env.PORT  || 3000;
app.listen(PORT, () => { console.log(`app runing on ${ PORT } port`); });


http://localhost:4000/api/courses

